*****************************************************************
      SolidWorks 公司 - IGES 处理器状态报告
*****************************************************************
=================================================================
总信息
=================================================================
发送系统产品 I.D.  : cannon.SLDPRT
接收系统产品 I.D.  : cannon.SLDPRT
文件名称                    : D:\DropBox\code\Universal_Microscope_Phone_Adapter\cannon\cannon.IGS
发送系统              : SolidWorks 2009
预处理器版本         : SolidWorks 2009
文件生成日期          : 131117.140021
模型生成日期         : 131117.140021
单位                        : MM
模型空间比例            : 1
作者                       : Goldengrape
组织                 : 


=================================================================
实体处理信息
=================================================================


=================================================================
IGES 文件的精度分析：
=================================================================
  有效位数的最普遍的数:              11
  有效位数的最大数:                     11
  有效位数的平均数:                 7.9249
  与原点的最大距离:                           1004.92
  与原点的最小距离:                                 0
  有效位数的有效数:                   11


=================================================================
实体概要
=================================================================
-----------------------------------------------------------------
类型名称                                         记数转换
---- ----                                         ----- ---------
100  Arc                                             74        74
102  Composite curve                                422       422
110  Line                                           434       434
120  Surface of revolution                           74        74
124  Transformation matrix                           74        74
126  Rational B-spline curve                       1908      1908
128  Rational B-spline surface                      131       131
142  Curve on a parametric surface                  211       211
144  Trimmed parametric surface                     205       205
314  Color definition                                 1         1
_________________________________________________________________


=================================================================
结果概要
=================================================================
SolidWorks 特征类型                记数
-----------------------                -----
实体特征5
曲面特征0
曲线/草图特征0
--------------------------------------------
开始时间:星期日, 十一月 17, 2013 14:00:45
结束时间: 星期日, 十一月 17, 2013 14:01:00
处理时间: 0 days, 00 hours, 00 mins, 15 secs
